// Jest Snapshot v1, https://goo.gl/fbAQLP

exports[`<AddNewPostForm /> should render the AddNewPostForm component 1`] = `
<View
  collapsable={true}
  pointerEvents="box-none"
  style={
    Object {
      "flex": 1,
    }
  }
>
  <View
    style={
      Object {
        "flex": 1,
      }
    }
  >
    <View
      style={
        Array [
          Object {
            "flex": 1,
          },
          Object {
            "paddingBottom": 0,
          },
        ]
      }
    >
      <View>
        <TextInput
          allowFontScaling={true}
          inputAccessoryViewID="inputAccessoryView1"
          placeholder="Post Title"
          placeholderTextColor="grey"
          rejectResponderTermination={true}
          style={
            Array [
              Object {
                "marginBottom": 10,
                "padding": 5,
              },
              undefined,
            ]
          }
          underlineColorAndroid="transparent"
          value=""
        />
      </View>
      <View
        style={
          Object {
            "borderTopColor": "#ACD1E4",
            "borderTopWidth": 0.5,
            "flex": 1,
          }
        }
      >
        <TextInput
          allowFontScaling={true}
          inputAccessoryViewID="inputAccessoryView1"
          multiline={true}
          placeholder="Description"
          placeholderTextColor="grey"
          rejectResponderTermination={true}
          style={
            Array [
              Object {
                "marginBottom": 10,
                "padding": 5,
              },
              Array [
                Object {
                  "padding": 5,
                  "width": "100%",
                },
                Object {
                  "maxHeight": 300,
                },
              ],
            ]
          }
          underlineColorAndroid="transparent"
          value=""
        />
      </View>
    </View>
  </View>
  <RCTInputAccessoryView
    nativeID="inputAccessoryView1"
    style={
      Array [
        undefined,
        Object {
          "position": "absolute",
        },
      ]
    }
  >
    <View
      style={
        Array [
          Object {
            "alignItems": "center",
            "backgroundColor": "#F4F5F8",
            "flexDirection": "row",
            "height": 50,
            "justifyContent": "space-between",
            "padding": 10,
            "width": "100%",
            "zIndex": 2,
          },
          undefined,
        ]
      }
    >
      <>
        <Image
          source={
            Object {
              "testUri": "../../../app/assets/images/add-image-icon.png",
            }
          }
          style={
            Object {
              "borderRadius": 100,
              "borderWidth": 1,
              "maxHeight": 40,
              "maxWidth": 40,
            }
          }
        />
      </>
      <>
        <Text
          style={
            Object {
              "color": "#2D2A4A",
            }
          }
        >
          Done
        </Text>
      </>
    </View>
  </RCTInputAccessoryView>
</View>
`;
